// Jest Snapshot v1, https://goo.gl/fbAQLP

exports[`renders homepage unchanged 1`] = `
<div>
  <h1>
    Simple Storybook Example
  </h1>
  <div>
    <h1>
      Hello World
    </h1>
  </div>
</div>
`;
